---
source: src/main.rs
expression: "str::from_utf8(res.as_slice()).unwrap()"
---
mov cx, 200 ; cx 0x0000 -> 0x00c8
mov bx, cx ; bx 0x0000 -> 0x00c8
add cx, 1000 ; cx 0x00c8 -> 0x04b0 | flags: None -> A
mov bx, 2000 ; bx 0x00c8 -> 0x07d0
sub cx, bx ; cx 0x04b0 -> 0xfce0 | flags: A -> CS

Final registers: 
ax 0x0000 (0)
bx 0x07d0 (2000)
cx 0xfce0 (64736)
dx 0x0000 (0)
sp 0x0000 (0)
bp 0x0000 (0)
si 0x0000 (0)
di 0x0000 (0)
ip: 0x000e (14)
flags: CS
